Archive member included to satisfy reference by file (symbol)

C:/ST/STM32CubeIDE_1.18.0/STM32CubeIDE/plugins/com.st.stm32cube.ide.mcu.externaltools.gnu-tools-for-stm32.13.3.rel1.win32_1.0.0.202411081344/tools/bin/../lib/gcc/arm-none-eabi/13.3.1/../../../../arm-none-eabi/lib/thumb/v6-m/nofp\libc_nano.a(libc_a-exit.o)
                              C:/ST/STM32CubeIDE_1.18.0/STM32CubeIDE/plugins/com.st.stm32cube.ide.mcu.externaltools.gnu-tools-for-stm32.13.3.rel1.win32_1.0.0.202411081344/tools/bin/../lib/gcc/arm-none-eabi/13.3.1/../../../../arm-none-eabi/lib/thumb/v6-m/nofp/crt0.o (exit)
C:/ST/STM32CubeIDE_1.18.0/STM32CubeIDE/plugins/com.st.stm32cube.ide.mcu.externaltools.gnu-tools-for-stm32.13.3.rel1.win32_1.0.0.202411081344/tools/bin/../lib/gcc/arm-none-eabi/13.3.1/../../../../arm-none-eabi/lib/thumb/v6-m/nofp\libc_nano.a(libc_a-findfp.o)
                              C:/ST/STM32CubeIDE_1.18.0/STM32CubeIDE/plugins/com.st.stm32cube.ide.mcu.externaltools.gnu-tools-for-stm32.13.3.rel1.win32_1.0.0.202411081344/tools/bin/../lib/gcc/arm-none-eabi/13.3.1/../../../../arm-none-eabi/lib/thumb/v6-m/nofp\libc_nano.a(libc_a-exit.o) (__stdio_exit_handler)
C:/ST/STM32CubeIDE_1.18.0/STM32CubeIDE/plugins/com.st.stm32cube.ide.mcu.externaltools.gnu-tools-for-stm32.13.3.rel1.win32_1.0.0.202411081344/tools/bin/../lib/gcc/arm-none-eabi/13.3.1/../../../../arm-none-eabi/lib/thumb/v6-m/nofp\libc_nano.a(libc_a-fwalk.o)
                              C:/ST/STM32CubeIDE_1.18.0/STM32CubeIDE/plugins/com.st.stm32cube.ide.mcu.externaltools.gnu-tools-for-stm32.13.3.rel1.win32_1.0.0.202411081344/tools/bin/../lib/gcc/arm-none-eabi/13.3.1/../../../../arm-none-eabi/lib/thumb/v6-m/nofp\libc_nano.a(libc_a-findfp.o) (_fwalk_sglue)
C:/ST/STM32CubeIDE_1.18.0/STM32CubeIDE/plugins/com.st.stm32cube.ide.mcu.externaltools.gnu-tools-for-stm32.13.3.rel1.win32_1.0.0.202411081344/tools/bin/../lib/gcc/arm-none-eabi/13.3.1/../../../../arm-none-eabi/lib/thumb/v6-m/nofp\libc_nano.a(libc_a-stdio.o)
                              C:/ST/STM32CubeIDE_1.18.0/STM32CubeIDE/plugins/com.st.stm32cube.ide.mcu.externaltools.gnu-tools-for-stm32.13.3.rel1.win32_1.0.0.202411081344/tools/bin/../lib/gcc/arm-none-eabi/13.3.1/../../../../arm-none-eabi/lib/thumb/v6-m/nofp\libc_nano.a(libc_a-findfp.o) (__sread)
C:/ST/STM32CubeIDE_1.18.0/STM32CubeIDE/plugins/com.st.stm32cube.ide.mcu.externaltools.gnu-tools-for-stm32.13.3.rel1.win32_1.0.0.202411081344/tools/bin/../lib/gcc/arm-none-eabi/13.3.1/../../../../arm-none-eabi/lib/thumb/v6-m/nofp\libc_nano.a(libc_a-memset.o)
                              C:/ST/STM32CubeIDE_1.18.0/STM32CubeIDE/plugins/com.st.stm32cube.ide.mcu.externaltools.gnu-tools-for-stm32.13.3.rel1.win32_1.0.0.202411081344/tools/bin/../lib/gcc/arm-none-eabi/13.3.1/../../../../arm-none-eabi/lib/thumb/v6-m/nofp/crt0.o (memset)
C:/ST/STM32CubeIDE_1.18.0/STM32CubeIDE/plugins/com.st.stm32cube.ide.mcu.externaltools.gnu-tools-for-stm32.13.3.rel1.win32_1.0.0.202411081344/tools/bin/../lib/gcc/arm-none-eabi/13.3.1/../../../../arm-none-eabi/lib/thumb/v6-m/nofp\libc_nano.a(libc_a-closer.o)
                              C:/ST/STM32CubeIDE_1.18.0/STM32CubeIDE/plugins/com.st.stm32cube.ide.mcu.externaltools.gnu-tools-for-stm32.13.3.rel1.win32_1.0.0.202411081344/tools/bin/../lib/gcc/arm-none-eabi/13.3.1/../../../../arm-none-eabi/lib/thumb/v6-m/nofp\libc_nano.a(libc_a-stdio.o) (_close_r)
C:/ST/STM32CubeIDE_1.18.0/STM32CubeIDE/plugins/com.st.stm32cube.ide.mcu.externaltools.gnu-tools-for-stm32.13.3.rel1.win32_1.0.0.202411081344/tools/bin/../lib/gcc/arm-none-eabi/13.3.1/../../../../arm-none-eabi/lib/thumb/v6-m/nofp\libc_nano.a(libc_a-reent.o)
                              C:/ST/STM32CubeIDE_1.18.0/STM32CubeIDE/plugins/com.st.stm32cube.ide.mcu.externaltools.gnu-tools-for-stm32.13.3.rel1.win32_1.0.0.202411081344/tools/bin/../lib/gcc/arm-none-eabi/13.3.1/../../../../arm-none-eabi/lib/thumb/v6-m/nofp\libc_nano.a(libc_a-closer.o) (errno)
C:/ST/STM32CubeIDE_1.18.0/STM32CubeIDE/plugins/com.st.stm32cube.ide.mcu.externaltools.gnu-tools-for-stm32.13.3.rel1.win32_1.0.0.202411081344/tools/bin/../lib/gcc/arm-none-eabi/13.3.1/../../../../arm-none-eabi/lib/thumb/v6-m/nofp\libc_nano.a(libc_a-impure.o)
                              C:/ST/STM32CubeIDE_1.18.0/STM32CubeIDE/plugins/com.st.stm32cube.ide.mcu.externaltools.gnu-tools-for-stm32.13.3.rel1.win32_1.0.0.202411081344/tools/bin/../lib/gcc/arm-none-eabi/13.3.1/../../../../arm-none-eabi/lib/thumb/v6-m/nofp\libc_nano.a(libc_a-reent.o) (_impure_ptr)
C:/ST/STM32CubeIDE_1.18.0/STM32CubeIDE/plugins/com.st.stm32cube.ide.mcu.externaltools.gnu-tools-for-stm32.13.3.rel1.win32_1.0.0.202411081344/tools/bin/../lib/gcc/arm-none-eabi/13.3.1/../../../../arm-none-eabi/lib/thumb/v6-m/nofp\libc_nano.a(libc_a-lseekr.o)
[...]
Memory Configuration

Name             Origin             Length             Attributes
FLASH            0x08000000         0x00020000         xr
RAM              0x20000000         0x00004000         xrw
*default*        0x00000000         0xffffffff

Linker script and memory map

LOAD C:/ST/STM32CubeIDE_1.18.0/STM32CubeIDE/plugins/com.st.stm32cube.ide.mcu.externaltools.gnu-tools-for-stm32.13.3.rel1.win32_1.0.0.202411081344/tools/bin/../lib/gcc/arm-none-eabi/13.3.1/thumb/v6-m/nofp/crti.o
LOAD C:/ST/STM32CubeIDE_1.18.0/STM32CubeIDE/plugins/com.st.stm32cube.ide.mcu.externaltools.gnu-tools-for-stm32.13.3.rel1.win32_1.0.0.202411081344/tools/bin/../lib/gcc/arm-none-eabi/13.3.1/thumb/v6-m/nofp/crtbegin.o
LOAD C:/ST/STM32CubeIDE_1.18.0/STM32CubeIDE/plugins/com.st.stm32cube.ide.mcu.externaltools.gnu-tools-for-stm32.13.3.rel1.win32_1.0.0.202411081344/tools/bin/../lib/gcc/arm-none-eabi/13.3.1/../../../../arm-none-eabi/lib/thumb/v6-m/nofp/crt0.o
LOAD ./FreeRTOS/croutine.o
LOAD ./FreeRTOS/event_groups.o
LOAD ./FreeRTOS/list.o
LOAD ./FreeRTOS/queue.o
LOAD ./FreeRTOS/stream_buffer.o
LOAD ./FreeRTOS/tasks.o
LOAD ./FreeRTOS/timers.o
LOAD ./FreeRTOS/portable/GCC/ARM_CM0/port.o
LOAD ./FreeRTOS/portable/MemMang/heap_1.o
LOAD ./TraceRecorder/streamports/Jlink_RTT/SEGGER_RTT.o
LOAD ./TraceRecorder/streamports/Jlink_RTT/trcStreamPort.o
LOAD ./TraceRecorder/trcAssert.o
LOAD ./TraceRecorder/trcCounter.o
LOAD ./TraceRecorder/trcDependency.o
LOAD ./TraceRecorder/trcDiagnostics.o
LOAD ./TraceRecorder/trcEntryTable.o
LOAD ./TraceRecorder/trcError.o
LOAD ./TraceRecorder/trcEvent.o
LOAD ./TraceRecorder/trcEventBuffer.o
LOAD ./TraceRecorder/trcExtension.o
LOAD ./TraceRecorder/trcHardwarePort.o
LOAD ./TraceRecorder/trcHeap.o
LOAD ./TraceRecorder/trcISR.o
LOAD ./TraceRecorder/trcInternalEventBuffer.o
LOAD ./TraceRecorder/trcInterval.o
LOAD ./TraceRecorder/trcKernelPort.o
LOAD ./TraceRecorder/trcMultiCoreEventBuffer.o
LOAD ./TraceRecorder/trcObject.o
LOAD ./TraceRecorder/trcPrint.o
LOAD ./TraceRecorder/trcRunnable.o
LOAD ./TraceRecorder/trcSnapshotRecorder.o
LOAD ./TraceRecorder/trcStackMonitor.o
LOAD ./TraceRecorder/trcStateMachine.o
LOAD ./TraceRecorder/trcStaticBuffer.o
LOAD ./TraceRecorder/trcStreamingRecorder.o
LOAD ./TraceRecorder/trcString.o
LOAD ./TraceRecorder/trcTask.o
LOAD ./TraceRecorder/trcTimestamp.o
LOAD ./app/src/main.o
LOAD ./app/src/printf-stdarg.o
LOAD ./app/src/stm32f0xx_it.o
LOAD ./bsp/src/bsp.o
LOAD ./bsp/src/factory_io.o
LOAD ./cmsis/device/src/startup_stm32f072xb.o
LOAD ./cmsis/device/src/system_stm32f0xx.o
START GROUP
LOAD C:/ST/STM32CubeIDE_1.18.0/STM32CubeIDE/plugins/com.st.stm32cube.ide.mcu.externaltools.gnu-tools-for-stm32.13.3.rel1.win32_1.0.0.202411081344/tools/bin/../lib/gcc/arm-none-eabi/13.3.1/../../../../arm-none-eabi/lib/thumb/v6-m/nofp\libc_nano.a
LOAD C:/ST/STM32CubeIDE_1.18.0/STM32CubeIDE/plugins/com.st.stm32cube.ide.mcu.externaltools.gnu-tools-for-stm32.13.3.rel1.win32_1.0.0.202411081344/tools/bin/../lib/gcc/arm-none-eabi/13.3.1/../../../../arm-none-eabi/lib/thumb/v6-m/nofp\libm.a
END GROUP
LOAD C:/ST/STM32CubeIDE_1.18.0/STM32CubeIDE/plugins/com.st.stm32cube.ide.mcu.externaltools.gnu-tools-for-stm32.13.3.rel1.win32_1.0.0.202411081344/tools/bin/../lib/gcc/arm-none-eabi/13.3.1/thumb/v6-m/nofp/crtend.o
LOAD C:/ST/STM32CubeIDE_1.18.0/STM32CubeIDE/plugins/com.st.stm32cube.ide.mcu.externaltools.gnu-tools-for-stm32.13.3.rel1.win32_1.0.0.202411081344/tools/bin/../lib/gcc/arm-none-eabi/13.3.1/thumb/v6-m/nofp/crtn.o
                0x20004000                        _estack = 0x20004000
                0x00000200                        _Min_Heap_Size = 0x200
                0x00000400                        _Min_Stack_Size = 0x400

.isr_vector     0x08000000       0xc0
                0x08000000                        . = ALIGN (0x4)
 *(.isr_vector)
 .isr_vector    0x08000000       0xc0 ./cmsis/device/src/startup_stm32f072xb.o
                0x08000000                g_pfnVectors
                0x080000c0                        . = ALIGN (0x4)

.text           0x080000c0     0x66b0
                0x080000c0                        . = ALIGN (0x4)
 *(.text)
 .text          0x080000c0       0x48 C:/ST/STM32CubeIDE_1.18.0/STM32CubeIDE/plugins/com.st.stm32cube.ide.mcu.externaltools.gnu-tools-for-stm32.13.3.rel1.win32_1.0.0.202411081344/tools/bin/../lib/gcc/arm-none-eabi/13.3.1/thumb/v6-m/nofp/crtbegin.o
 .text          0x08000108      0x114 C:/ST/STM32CubeIDE_1.18.0/STM32CubeIDE/plugins/com.st.stm32cube.ide.mcu.externaltools.gnu-tools-for-stm32.13.3.rel1.win32_1.0.0.202411081344/tools/bin/../lib/gcc/arm-none-eabi/13.3.1/thumb/v6-m/nofp\libgcc.a(_udivsi3.o)
                0x08000108                __aeabi_uidiv
                0x08000108                __udivsi3
                0x08000214                __aeabi_uidivmod
 .text          0x0800021c        0x4 C:/ST/STM32CubeIDE_1.18.0/STM32CubeIDE/plugins/com.st.stm32cube.ide.mcu.externaltools.gnu-tools-for-stm32.13.3.rel1.win32_1.0.0.202411081344/tools/bin/../lib/gcc/arm-none-eabi/13.3.1/thumb/v6-m/nofp\libgcc.a(_dvmd_tls.o)
                0x0800021c                __aeabi_idiv0
                0x0800021c                __aeabi_ldiv0
 *(.text*)
 .text.vListInitialise
                0x08000220       0x3c ./FreeRTOS/list.o
                0x08000220                vListInitialise
 .text.vListInitialiseItem
                0x0800025c       0x16 ./FreeRTOS/list.o
                0x0800025c                vListInitialiseItem
 .text.vListInsert
                0x08000272       0x6c ./FreeRTOS/list.o
                0x08000272                vListInsert
 .text.uxListRemove
                0x080002de       0x50 ./FreeRTOS/list.o
                0x080002de                uxListRemove
 .text.xQueueGenericReset
                0x0800032e      0x116 ./FreeRTOS/queue.o
                0x0800032e                xQueueGenericReset
 .text.xQueueGenericCreate
                0x08000444      0x10e ./FreeRTOS/queue.o
                0x08000444                xQueueGenericCreate
 *fill*         0x08000552        0x2 
 .text.prvInitialiseNewQueue
                0x08000554       0xa4 ./FreeRTOS/queue.o
 .text.xQueueGenericSend
                0x080005f8      0x2ea ./FreeRTOS/queue.o
                0x080005f8                xQueueGenericSend
 .text.xQueueReceive
                0x080008e2      0x2d6 ./FreeRTOS/queue.o
                0x080008e2                xQueueReceive
 .text.xQueueSemaphoreTake
                0x08000bb8      0x2b8 ./FreeRTOS/queue.o
                0x08000bb8                xQueueSemaphoreTake
 .text.prvCopyDataToQueue
                0x08000e70       0xb8 ./FreeRTOS/queue.o
 .text.prvCopyDataFromQueue
                0x08000f28       0x4c ./FreeRTOS/queue.o
 .text.prvUnlockQueue
                0x08000f74       0xbc ./FreeRTOS/queue.o
 .text.prvIsQueueEmpty
                0x08001030       0x2c ./FreeRTOS/queue.o
 .text.prvIsQueueFull
                0x0800105c       0x30 ./FreeRTOS/queue.o
 .text.vQueueAddToRegistry
                0x0800108c       0x98 ./FreeRTOS/queue.o
                0x0800108c                vQueueAddToRegistry
 .text.vQueueWaitForMessageRestricted
                0x08001124       0x66 ./FreeRTOS/queue.o
                0x08001124                vQueueWaitForMessageRestricted
 .text.xTaskCreate
                0x0800118a       0x9c ./FreeRTOS/tasks.o
                0x0800118a                xTaskCreate
 *fill*         0x08001226        0x2 
 .text.prvInitialiseNewTask
                0x08001228       0xfc ./FreeRTOS/tasks.o
 .text.prvAddNewTaskToReadyList
                0x08001324      0x144 ./FreeRTOS/tasks.o
 .text.xTaskDelayUntil
                0x08001468       0xc8 ./FreeRTOS/tasks.o
                0x08001468                xTaskDelayUntil
 .text.vTaskDelay
                0x08001530       0x58 ./FreeRTOS/tasks.o
                0x08001530                vTaskDelay
 .text.vTaskStartScheduler
                0x08001588       0x98 ./FreeRTOS/tasks.o
                0x08001588                vTaskStartScheduler
 .text.vTaskSuspendAll
                0x08001620       0x18 ./FreeRTOS/tasks.o
                0x08001620                vTaskSuspendAll
 .text.xTaskResumeAll
                0x08001638      0x1dc ./FreeRTOS/tasks.o
                0x08001638                xTaskResumeAll
 .text.xTaskGetTickCount
                0x08001814       0x1c ./FreeRTOS/tasks.o
                0x08001814                xTaskGetTickCount
 .text.xTaskIncrementTick
                0x08001830      0x244 ./FreeRTOS/tasks.o
                0x08001830                xTaskIncrementTick
 .text.vTaskSwitchContext
                0x08001a74       0xb8 ./FreeRTOS/tasks.o
                0x08001a74                vTaskSwitchContext
 .text.vTaskPlaceOnEventList
                0x08001b2c       0x40 ./FreeRTOS/tasks.o
                0x08001b2c                vTaskPlaceOnEventList
 .text.vTaskPlaceOnEventListRestricted
                0x08001b6c       0x94 ./FreeRTOS/tasks.o
                0x08001b6c                vTaskPlaceOnEventListRestricted
 .text.xTaskRemoveFromEventList
                0x08001c00      0x1a0 ./FreeRTOS/tasks.o
                0x08001c00                xTaskRemoveFromEventList
 .text.vTaskInternalSetTimeOutState
                0x08001da0       0x28 ./FreeRTOS/tasks.o
                0x08001da0                vTaskInternalSetTimeOutState
 .text.xTaskCheckForTimeOut
                0x08001dc8       0x9c ./FreeRTOS/tasks.o
                0x08001dc8                xTaskCheckForTimeOut
 .text.vTaskMissedYield
                0x08001e64       0x14 ./FreeRTOS/tasks.o
                0x08001e64                vTaskMissedYield
 .text.prvIdleTask
                0x08001e78       0x20 ./FreeRTOS/tasks.o
 .text.prvInitialiseTaskLists
                0x08001e98       0x70 ./FreeRTOS/tasks.o
 .text.prvCheckTasksWaitingTermination
                0x08001f08        0xa ./FreeRTOS/tasks.o
 *fill*         0x08001f12        0x2 
 .text.prvResetNextTaskUnblockTime
                0x08001f14       0x34 ./FreeRTOS/tasks.o
 .text.xTaskGetSchedulerState
                0x08001f48       0x38 ./FreeRTOS/tasks.o
                0x08001f48                xTaskGetSchedulerState
 .text.ulTaskGenericNotifyTake
                0x08001f80       0xfc ./FreeRTOS/tasks.o
                0x08001f80                ulTaskGenericNotifyTake
 .text.xTaskGenericNotify
                0x0800207c      0x224 ./FreeRTOS/tasks.o
                0x0800207c                xTaskGenericNotify
 .text.prvAddCurrentTaskToDelayedList
                0x080022a0       0x88 ./FreeRTOS/tasks.o
 .text.xTimerCreateTimerTask
                0x08002328       0x54 ./FreeRTOS/timers.o
                0x08002328                xTimerCreateTimerTask
 .text.prvReloadTimer
                0x0800237c       0x42 ./FreeRTOS/timers.o
 *fill*         0x080023be        0x2 
 .text.prvProcessExpiredTimer
                0x080023c0       0x64 ./FreeRTOS/timers.o
 .text.prvTimerTask
                0x08002424       0x2a ./FreeRTOS/timers.o
 *fill*         0x0800244e        0x2 
 .text.prvProcessTimerOrBlockTask
                0x08002450       0x90 ./FreeRTOS/timers.o
 .text.prvGetNextExpireTime
                0x080024e0       0x44 ./FreeRTOS/timers.o
 .text.prvSampleTimeNow
                0x08002524       0x40 ./FreeRTOS/timers.o
 .text.prvInsertTimerInActiveList
                0x08002564       0x84 ./FreeRTOS/timers.o
 .text.prvProcessReceivedCommands
                0x080025e8      0x160 ./FreeRTOS/timers.o
 .text.prvSwitchTimerLists
                0x08002748       0x50 ./FreeRTOS/timers.o
 .text.prvCheckForValidListAndQueue
                0x08002798       0x74 ./FreeRTOS/timers.o
 .text.pxPortInitialiseStack
                0x0800280c       0x54 ./FreeRTOS/portable/GCC/ARM_CM0/port.o
                0x0800280c                pxPortInitialiseStack
 .text.prvTaskExitError
                0x08002860       0x30 ./FreeRTOS/portable/GCC/ARM_CM0/port.o
 .text.SVC_Handler
                0x08002890        0xa ./FreeRTOS/portable/GCC/ARM_CM0/port.o
                0x08002890                SVC_Handler
 *fill*         0x0800289a        0x6 
 .text.vPortStartFirstTask
                0x080028a0       0x38 ./FreeRTOS/portable/GCC/ARM_CM0/port.o
 .text.xPortStartScheduler
                0x080028d8       0x48 ./FreeRTOS/portable/GCC/ARM_CM0/port.o
                0x080028d8                xPortStartScheduler
 .text.vPortYield
                0x08002920       0x20 ./FreeRTOS/portable/GCC/ARM_CM0/port.o
                0x08002920                vPortYield
 .text.vPortEnterCritical
                0x08002940       0x24 ./FreeRTOS/portable/GCC/ARM_CM0/port.o
                0x08002940                vPortEnterCritical
 .text.vPortExitCritical
                0x08002964       0x30 ./FreeRTOS/portable/GCC/ARM_CM0/port.o
                0x08002964                vPortExitCritical
 .text.ulSetInterruptMaskFromISR
                0x08002994        0xc ./FreeRTOS/portable/GCC/ARM_CM0/port.o
                0x08002994                ulSetInterruptMaskFromISR
 .text.vClearInterruptMaskFromISR
                0x080029a0        0x8 ./FreeRTOS/portable/GCC/ARM_CM0/port.o
                0x080029a0                vClearInterruptMaskFromISR
 *fill*         0x080029a8        0x8 
 .text.PendSV_Handler
                0x080029b0       0x48 ./FreeRTOS/portable/GCC/ARM_CM0/port.o
                0x080029b0                PendSV_Handler
 .text.SysTick_Handler
                0x080029f8       0x34 ./FreeRTOS/portable/GCC/ARM_CM0/port.o
                0x080029f8                SysTick_Handler
 .text.vPortSetupTimerInterrupt
                0x08002a2c       0x44 ./FreeRTOS/portable/GCC/ARM_CM0/port.o
                0x08002a2c                vPortSetupTimerInterrupt
 .text.pvPortMalloc
                0x08002a70       0xd0 ./FreeRTOS/portable/MemMang/heap_1.o
                0x08002a70                pvPortMalloc
 .text.vPortFree
                0x08002b40       0x1c ./FreeRTOS/portable/MemMang/heap_1.o
                0x08002b40                vPortFree
 .text._DoInit  0x08002b5c       0xa8 ./TraceRecorder/streamports/Jlink_RTT/SEGGER_RTT.o
 .text._WriteBlocking
                0x08002c04       0xb4 ./TraceRecorder/streamports/Jlink_RTT/SEGGER_RTT.o
 .text._WriteNoCheck
                0x08002cb8       0x80 ./TraceRecorder/streamports/Jlink_RTT/SEGGER_RTT.o
 .text._GetAvailWriteSpace
                0x08002d38       0x42 ./TraceRecorder/streamports/Jlink_RTT/SEGGER_RTT.o
 *fill*         0x08002d7a        0x2 
 .text.SEGGER_RTT_ReadNoLock
                0x08002d7c      0x104 ./TraceRecorder/streamports/Jlink_RTT/SEGGER_RTT.o
                0x08002d7c                SEGGER_RTT_ReadNoLock
 .text.SEGGER_RTT_Read
                0x08002e80       0x38 ./TraceRecorder/streamports/Jlink_RTT/SEGGER_RTT.o
                0x08002e80                SEGGER_RTT_Read
 .text.SEGGER_RTT_WriteNoLock
                0x08002eb8       0xb0 ./TraceRecorder/streamports/Jlink_RTT/SEGGER_RTT.o
                0x08002eb8                SEGGER_RTT_WriteNoLock
 .text.SEGGER_RTT_Write
                0x08002f68       0x48 ./TraceRecorder/streamports/Jlink_RTT/SEGGER_RTT.o
                0x08002f68                SEGGER_RTT_Write
 .text.SEGGER_RTT_ConfigUpBuffer
                0x08002fb0       0xd0 ./TraceRecorder/streamports/Jlink_RTT/SEGGER_RTT.o
                0x08002fb0                SEGGER_RTT_ConfigUpBuffer
 .text.SEGGER_RTT_ConfigDownBuffer
                0x08003080       0xd0 ./TraceRecorder/streamports/Jlink_RTT/SEGGER_RTT.o
                0x08003080                SEGGER_RTT_ConfigDownBuffer
 .text.xTraceStreamPortInitialize
                0x08003150       0x28 ./TraceRecorder/streamports/Jlink_RTT/trcStreamPort.o
                0x08003150                xTraceStreamPortInitialize
 .text.xTraceStreamPortOnEnable
                0x08003178       0x60 ./TraceRecorder/streamports/Jlink_RTT/trcStreamPort.o
                0x08003178                xTraceStreamPortOnEnable
 .text.xTraceCounterInitialize
                0x080031d8       0x38 ./TraceRecorder/trcCounter.o
                0x080031d8                xTraceCounterInitialize
 .text.xTraceDiagnosticsInitialize
                0x08003210       0x4c ./TraceRecorder/trcDiagnostics.o
                0x08003210                xTraceDiagnosticsInitialize
 .text.xTraceDiagnosticsAdd
                0x0800325c       0x38 ./TraceRecorder/trcDiagnostics.o
                0x0800325c                xTraceDiagnosticsAdd
 .text.xTraceDiagnosticsIncrease
                0x08003294       0x22 ./TraceRecorder/trcDiagnostics.o
                0x08003294                xTraceDiagnosticsIncrease
 *fill*         0x080032b6        0x2 
 .text.xTraceDiagnosticsSetIfHigher
                0x080032b8       0x3c ./TraceRecorder/trcDiagnostics.o
                0x080032b8                xTraceDiagnosticsSetIfHigher
 .text.xTraceDiagnosticsCheckStatus
                0x080032f4       0x84 ./TraceRecorder/trcDiagnostics.o
                0x080032f4                xTraceDiagnosticsCheckStatus
 .text.xTraceEntryIndexTableInitialize
                0x08003378       0x20 ./TraceRecorder/trcEntryTable.o
                0x08003378                xTraceEntryIndexTableInitialize
 .text.xTraceEntryTableInitialize
                0x08003398       0xb4 ./TraceRecorder/trcEntryTable.o
                0x08003398                xTraceEntryTableInitialize
 .text.xTraceEntryCreate
                0x0800344c       0xc4 ./TraceRecorder/trcEntryTable.o
                0x0800344c                xTraceEntryCreate
 .text.xTraceEntryFind
                0x08003510       0x54 ./TraceRecorder/trcEntryTable.o
                0x08003510                xTraceEntryFind
 .text.xTraceEntrySetSymbol
                0x08003564       0x74 ./TraceRecorder/trcEntryTable.o
                0x08003564                xTraceEntrySetSymbol
 .text.xTraceEntryGetCount
                0x080035d8       0x24 ./TraceRecorder/trcEntryTable.o
                0x080035d8                xTraceEntryGetCount
 .text.xTraceEntryGetAtIndex
                0x080035fc       0x30 ./TraceRecorder/trcEntryTable.o
                0x080035fc                xTraceEntryGetAtIndex
 .text.prvEntryIndexInitialize
                0x0800362c       0x40 ./TraceRecorder/trcEntryTable.o
 .text.prvEntryIndexTake
                0x0800366c       0x64 ./TraceRecorder/trcEntryTable.o
 .text.xTraceErrorInitialize
                0x080036d0       0x44 ./TraceRecorder/trcError.o
                0x080036d0                xTraceErrorInitialize
 .text.xTraceWarning
                0x08003714       0x5c ./TraceRecorder/trcError.o
                0x08003714                xTraceWarning
 .text.xTraceError
                0x08003770       0x80 ./TraceRecorder/trcError.o
                0x08003770                xTraceError
 .text.prvTraceErrorPrint
                0x080037f0       0x90 ./TraceRecorder/trcError.o
 .text.prvTraceErrorGetDescription
                0x08003880       0xe0 ./TraceRecorder/trcError.o
 .text.xTraceEventInitialize
                0x08003960       0xa0 ./TraceRecorder/trcEvent.o
                0x08003960                xTraceEventInitialize
 .text.xTraceEventCreate1
                0x08003a00       0xf0 ./TraceRecorder/trcEvent.o
                0x08003a00                xTraceEventCreate1
 .text.xTraceEventCreate2
                0x08003af0       0xf8 ./TraceRecorder/trcEvent.o
                0x08003af0                xTraceEventCreate2
 .text.xTraceEventCreate3
                0x08003be8      0x100 ./TraceRecorder/trcEvent.o
                0x08003be8                xTraceEventCreate3
 .text.xTraceEventBeginRawOffline
                0x08003ce8       0xc0 ./TraceRecorder/trcEvent.o
                0x08003ce8                xTraceEventBeginRawOffline
 .text.xTraceEventBeginRawOfflineBlocking
                0x08003da8       0xc8 ./TraceRecorder/trcEvent.o
                0x08003da8                xTraceEventBeginRawOfflineBlocking
 .text.xTraceEventEndOffline
                0x08003e70       0x5c ./TraceRecorder/trcEvent.o
                0x08003e70                xTraceEventEndOffline
 .text.xTraceEventEndOfflineBlocking
                0x08003ecc       0x84 ./TraceRecorder/trcEvent.o
                0x08003ecc                xTraceEventEndOfflineBlocking
 .text.xTraceEventAddData
                0x08003f50       0x4e ./TraceRecorder/trcEvent.o
                0x08003f50                xTraceEventAddData
 *fill*         0x08003f9e        0x2 
 .text.xTraceExtensionInitialize
                0x08003fa0       0x38 ./TraceRecorder/trcExtension.o
                0x08003fa0                xTraceExtensionInitialize
 .text.xTraceHeapCreate
                0x08003fd8       0x46 ./TraceRecorder/trcHeap.o
                0x08003fd8                xTraceHeapCreate
 .text.xTraceHeapAlloc
                0x0800401e       0x68 ./TraceRecorder/trcHeap.o
                0x0800401e                xTraceHeapAlloc
 *fill*         0x08004086        0x2 
 .text.xTraceISRInitialize
                0x08004088       0x7c ./TraceRecorder/trcISR.o
                0x08004088                xTraceISRInitialize
 .text.xTraceKernelPortInitialize
                0x08004104       0x38 ./TraceRecorder/trcKernelPort.o
                0x08004104                xTraceKernelPortInitialize
 .text.xTraceKernelPortEnable
                0x0800413c       0x74 ./TraceRecorder/trcKernelPort.o
                0x0800413c                xTraceKernelPortEnable
 .text.TzCtrl   0x080041b0       0x16 ./TraceRecorder/trcKernelPort.o
 *fill*         0x080041c6        0x2 
 .text.xTraceKernelPortGetSystemHeapHandle
                0x080041c8       0x14 ./TraceRecorder/trcKernelPort.o
                0x080041c8                xTraceKernelPortGetSystemHeapHandle
 .text.xTraceObjectRegisterInternal
                0x080041dc      0x218 ./TraceRecorder/trcObject.o
                0x080041dc                xTraceObjectRegisterInternal
 .text.xTraceObjectRegister
                0x080043f4       0x30 ./TraceRecorder/trcObject.o
                0x080043f4                xTraceObjectRegister
 .text.xTraceObjectSetName
                0x08004424       0x68 ./TraceRecorder/trcObject.o
                0x08004424                xTraceObjectSetName
 .text.xTraceObjectRegisterWithoutHandle
                0x0800448c       0x2c ./TraceRecorder/trcObject.o
                0x0800448c                xTraceObjectRegisterWithoutHandle
 .text.xTraceObjectSetNameWithoutHandle
                0x080044b8       0x86 ./TraceRecorder/trcObject.o
                0x080044b8                xTraceObjectSetNameWithoutHandle
 *fill*         0x0800453e        0x2 
 .text.prvTraceObjectSendNameEvent
                0x08004540      0x140 ./TraceRecorder/trcObject.o
                0x08004540                prvTraceObjectSendNameEvent
 .text.xTracePrintInitialize
                0x08004680       0x40 ./TraceRecorder/trcPrint.o
                0x08004680                xTracePrintInitialize
 .text.xTracePrint
                0x080046c0       0x6c ./TraceRecorder/trcPrint.o
                0x080046c0                xTracePrint
 .text.xTracePrintF
                0x0800472c       0x48 ./TraceRecorder/trcPrint.o
                0x0800472c                xTracePrintF
 .text.xTraceVPrintF
                0x08004774       0xac ./TraceRecorder/trcPrint.o
                0x08004774                xTraceVPrintF
 .text.prvTraceVPrintF
                0x08004820      0x1ec ./TraceRecorder/trcPrint.o
 .text.xTraceStaticBufferInitialize
                0x08004a0c       0x30 ./TraceRecorder/trcStaticBuffer.o
                0x08004a0c                xTraceStaticBufferInitialize
 .text.xTraceInitialize
                0x08004a3c      0x214 ./TraceRecorder/trcStreamingRecorder.o
                0x08004a3c                xTraceInitialize
 .text.prvVerifySizeAlignment
                0x08004c50       0x1c ./TraceRecorder/trcStreamingRecorder.o
                0x08004c50                prvVerifySizeAlignment
 .text.xTraceHeaderInitialize
                0x08004c6c      0x120 ./TraceRecorder/trcStreamingRecorder.o
                0x08004c6c                xTraceHeaderInitialize
 .text.xTraceEnable
                0x08004d8c       0xe4 ./TraceRecorder/trcStreamingRecorder.o
                0x08004d8c                xTraceEnable
 .text.xTraceDisable
                0x08004e70       0x10 ./TraceRecorder/trcStreamingRecorder.o
                0x08004e70                xTraceDisable
 .text.xTraceTzCtrl
                0x08004e80       0xa0 ./TraceRecorder/trcStreamingRecorder.o
                0x08004e80                xTraceTzCtrl
 .text.prvIs64bit
                0x08004f20        0xc ./TraceRecorder/trcStreamingRecorder.o
 .text.prvSetRecorderEnabled
                0x08004f2c       0xa8 ./TraceRecorder/trcStreamingRecorder.o
 .text.prvSetRecorderDisabled
                0x08004fd4       0x48 ./TraceRecorder/trcStreamingRecorder.o
 .text.prvTraceStoreHeader
                0x0800501c       0x38 ./TraceRecorder/trcStreamingRecorder.o
 .text.prvTraceStoreTimestampInfo
                0x08005054       0x40 ./TraceRecorder/trcStreamingRecorder.o
 .text.prvTraceStoreEntryTable
                0x08005094       0xda ./TraceRecorder/trcStreamingRecorder.o
 *fill*         0x0800516e        0x2 
 .text.prvTraceStoreStartEvent
                0x08005170       0xe8 ./TraceRecorder/trcStreamingRecorder.o
 .text.prvIsValidCommand
                0x08005258       0x7e ./TraceRecorder/trcStreamingRecorder.o
 .text.prvProcessCommand
                0x080052d6       0x2e ./TraceRecorder/trcStreamingRecorder.o
 .text.xTraceStringRegister
                0x08005304      0x184 ./TraceRecorder/trcString.o
                0x08005304                xTraceStringRegister
 .text.xTraceTaskInitialize
                0x08005488       0x4c ./TraceRecorder/trcTask.o
                0x08005488                xTraceTaskInitialize
 .text.xTraceTaskSwitch
                0x080054d4       0x9c ./TraceRecorder/trcTask.o
                0x080054d4                xTraceTaskSwitch
 .text.xTraceTimestampInitialize
                0x08005570       0x6c ./TraceRecorder/trcTimestamp.o
                0x08005570                xTraceTimestampInitialize
 .text.main     0x080055dc      0x14c ./app/src/main.o
                0x080055dc                main
 .text.set_actuator_state
                0x08005728       0x98 ./app/src/main.o
                0x08005728                set_actuator_state
 .text.vTask_EntreeTapis
                0x080057c0      0x12c ./app/src/main.o
                0x080057c0                vTask_EntreeTapis
 .text.vTask_ChargementPalette
                0x080058ec      0x140 ./app/src/main.o
                0x080058ec                vTask_ChargementPalette
 .text.vTask_Ascenceur
                0x08005a2c      0x290 ./app/src/main.o
                0x08005a2c                vTask_Ascenceur
 .text.vTask_Palette
                0x08005cbc      0x214 ./app/src/main.o
                0x08005cbc                vTask_Palette
 .text.vTask_Pub
                0x08005ed0      0x1d0 ./app/src/main.o
                0x08005ed0                vTask_Pub
 .text.vTask_Write
                0x080060a0       0x34 ./app/src/main.o
                0x080060a0                vTask_Write
 .text.SystemClock_Config
                0x080060d4       0xc8 ./app/src/main.o
 .text.NMI_Handler
                0x0800619c        0xa ./app/src/stm32f0xx_it.o
                0x0800619c                NMI_Handler
 .text.HardFault_Handler
                0x080061a6        0x8 ./app/src/stm32f0xx_it.o
                0x080061a6                HardFault_Handler
 *fill*         0x080061ae        0x2 
 .text.DMA1_Channel4_5_6_7_IRQHandler
                0x080061b0       0x3c ./app/src/stm32f0xx_it.o
                0x080061b0                DMA1_Channel4_5_6_7_IRQHandler
 .text.BSP_PB_Init
                0x080061ec       0x9c ./bsp/src/bsp.o
                0x080061ec                BSP_PB_Init
 .text.BSP_Console_Init
                0x08006288      0x1d0 ./bsp/src/bsp.o
                0x08006288                BSP_Console_Init
 .text.FACTORY_IO_Actuators_Set
                0x08006458       0x8c ./bsp/src/factory_io.o
                0x08006458                FACTORY_IO_Actuators_Set
 .text.FACTORY_IO_Sensors_Get
                0x080064e4       0xa0 ./bsp/src/factory_io.o
                0x080064e4                FACTORY_IO_Sensors_Get
 .text.Reset_Handler
                0x08006584       0x50 ./cmsis/device/src/startup_stm32f072xb.o
                0x08006584                Reset_Handler
 .text.Default_Handler
                0x080065d4        0x2 ./cmsis/device/src/startup_stm32f072xb.o
                0x080065d4                TIM1_CC_IRQHandler
                0x080065d4                TSC_IRQHandler
                0x080065d4                ADC1_COMP_IRQHandler
                0x080065d4                I2C1_IRQHandler
                0x080065d4                RCC_CRS_IRQHandler
                0x080065d4                SPI1_IRQHandler
                0x080065d4                TIM6_DAC_IRQHandler
                0x080065d4                USART3_4_IRQHandler
                0x080065d4                EXTI2_3_IRQHandler
                0x080065d4                I2C2_IRQHandler
                0x080065d4                TIM17_IRQHandler
                0x080065d4                CEC_CAN_IRQHandler
                0x080065d4                RTC_IRQHandler
                0x080065d4                PVD_VDDIO2_IRQHandler
                0x080065d4                TIM16_IRQHandler
                0x080065d4                TIM3_IRQHandler
                0x080065d4                EXTI4_15_IRQHandler
                0x080065d4                DMA1_Channel1_IRQHandler
                0x080065d4                Default_Handler
                0x080065d4                TIM14_IRQHandler
                0x080065d4                TIM7_IRQHandler
                0x080065d4                TIM15_IRQHandler
                0x080065d4                EXTI0_1_IRQHandler
                0x080065d4                USB_IRQHandler
                0x080065d4                SPI2_IRQHandler
                0x080065d4                WWDG_IRQHandler
                0x080065d4                TIM2_IRQHandler
                0x080065d4                DMA1_Channel2_3_IRQHandler
                0x080065d4                USART2_IRQHandler
                0x080065d4                FLASH_IRQHandler
                0x080065d4                USART1_IRQHandler
                0x080065d4                TIM1_BRK_UP_TRG_COM_IRQHandler
 .text.SystemInit
                0x080065d6        0xa ./cmsis/device/src/system_stm32f0xx.o
                0x080065d6                SystemInit
 .text.SystemCoreClockUpdate
                0x080065e0      0x10c ./cmsis/device/src/system_stm32f0xx.o
                0x080065e0                SystemCoreClockUpdate
 .text.memset   0x080066ec       0x10 C:/ST/STM32CubeIDE_1.18.0/STM32CubeIDE/plugins/com.st.stm32cube.ide.mcu.externaltools.gnu-tools-for-stm32.13.3.rel1.win32_1.0.0.202411081344/tools/bin/../lib/gcc/arm-none-eabi/13.3.1/../../../../arm-none-eabi/lib/thumb/v6-m/nofp\libc_nano.a(libc_a-memset.o)
                0x080066ec                memset
 .text.__libc_init_array
                0x080066fc       0x48 C:/ST/STM32CubeIDE_1.18.0/STM32CubeIDE/plugins/com.st.stm32cube.ide.mcu.externaltools.gnu-tools-for-stm32.13.3.rel1.win32_1.0.0.202411081344/tools/bin/../lib/gcc/arm-none-eabi/13.3.1/../../../../arm-none-eabi/lib/thumb/v6-m/nofp\libc_nano.a(libc_a-init.o)
                0x080066fc                __libc_init_array
 .text.memcpy   0x08006744       0x12 C:/ST/STM32CubeIDE_1.18.0/STM32CubeIDE/plugins/com.st.stm32cube.ide.mcu.externaltools.gnu-tools-for-stm32.13.3.rel1.win32_1.0.0.202411081344/tools/bin/../lib/gcc/arm-none-eabi/13.3.1/../../../../arm-none-eabi/lib/thumb/v6-m/nofp\libc_nano.a(libc_a-memcpy-stub.o)
                0x08006744                memcpy
 *(.glue_7)
 .glue_7        0x08006756        0x0 linker stubs
 *(.glue_7t)
 .glue_7t       0x08006756        0x0 linker stubs
 *(.eh_frame)
 *fill*         0x08006756        0x2 
 .eh_frame      0x08006758        0x0 C:/ST/STM32CubeIDE_1.18.0/STM32CubeIDE/plugins/com.st.stm32cube.ide.mcu.externaltools.gnu-tools-for-stm32.13.3.rel1.win32_1.0.0.202411081344/tools/bin/../lib/gcc/arm-none-eabi/13.3.1/thumb/v6-m/nofp/crtbegin.o
 *(.init)
 .init          0x08006758        0x4 C:/ST/STM32CubeIDE_1.18.0/STM32CubeIDE/plugins/com.st.stm32cube.ide.mcu.externaltools.gnu-tools-for-stm32.13.3.rel1.win32_1.0.0.202411081344/tools/bin/../lib/gcc/arm-none-eabi/13.3.1/thumb/v6-m/nofp/crti.o
                0x08006758                _init
 .init          0x0800675c        0x8 C:/ST/STM32CubeIDE_1.18.0/STM32CubeIDE/plugins/com.st.stm32cube.ide.mcu.externaltools.gnu-tools-for-stm32.13.3.rel1.win32_1.0.0.202411081344/tools/bin/../lib/gcc/arm-none-eabi/13.3.1/thumb/v6-m/nofp/crtn.o
 *(.fini)
 .fini          0x08006764        0x4 C:/ST/STM32CubeIDE_1.18.0/STM32CubeIDE/plugins/com.st.stm32cube.ide.mcu.externaltools.gnu-tools-for-stm32.13.3.rel1.win32_1.0.0.202411081344/tools/bin/../lib/gcc/arm-none-eabi/13.3.1/thumb/v6-m/nofp/crti.o
                0x08006764                _fini
 .fini          0x08006768        0x8 C:/ST/STM32CubeIDE_1.18.0/STM32CubeIDE/plugins/com.st.stm32cube.ide.mcu.externaltools.gnu-tools-for-stm32.13.3.rel1.win32_1.0.0.202411081344/tools/bin/../lib/gcc/arm-none-eabi/13.3.1/thumb/v6-m/nofp/crtn.o
                0x08006770                        . = ALIGN (0x4)
                0x08006770                        _etext = .

.vfp11_veneer   0x08006770        0x0
 .vfp11_veneer  0x08006770        0x0 linker stubs

.v4_bx          0x08006770        0x0
 .v4_bx         0x08006770        0x0 linker stubs

.iplt           0x08006770        0x0
 .iplt          0x08006770        0x0 C:/ST/STM32CubeIDE_1.18.0/STM32CubeIDE/plugins/com.st.stm32cube.ide.mcu.externaltools.gnu-tools-for-stm32.13.3.rel1.win32_1.0.0.202411081344/tools/bin/../lib/gcc/arm-none-eabi/13.3.1/thumb/v6-m/nofp/crtbegin.o

.rodata         0x08006770      0x31c
                0x08006770                        . = ALIGN (0x4)
 *(.rodata)
 .rodata        0x08006770        0x1 ./FreeRTOS/queue.o
 *fill*         0x08006771        0x3 
 .rodata        0x08006774        0x5 ./FreeRTOS/tasks.o
 *fill*         0x08006779        0x3 
 .rodata        0x0800677c        0xd ./FreeRTOS/timers.o
 *fill*         0x08006789        0x3 
 .rodata        0x0800678c       0x17 ./TraceRecorder/streamports/Jlink_RTT/SEGGER_RTT.o
 *fill*         0x080067a3        0x1 
 .rodata        0x080067a4        0xf ./TraceRecorder/streamports/Jlink_RTT/trcStreamPort.o
 *fill*         0x080067b3        0x1 
 .rodata        0x080067b4        0x1 ./TraceRecorder/trcEntryTable.o
 *fill*         0x080067b5        0x3 
 .rodata        0x080067b8      0x1c8 ./TraceRecorder/trcError.o
 .rodata        0x08006980       0x13 ./TraceRecorder/trcKernelPort.o
 *fill*         0x08006993        0x1 
 .rodata        0x08006994        0x1 ./TraceRecorder/trcObject.o
 *fill*         0x08006995        0x3 
 .rodata        0x08006998       0x1c ./TraceRecorder/trcPrint.o
 .rodata        0x080069b4        0x9 ./TraceRecorder/trcStreamingRecorder.o
 *fill*         0x080069bd        0x3 
 .rodata        0x080069c0       0x40 ./app/src/main.o
 *(.rodata*)
 .rodata.uxTopUsedPriority
                0x08006a00        0x4 ./FreeRTOS/tasks.o
                0x08006a00                uxTopUsedPriority
 .rodata.xTaskGenericNotify
                0x08006a04       0x14 ./FreeRTOS/tasks.o
 .rodata.prvProcessReceivedCommands
                0x08006a18       0x28 ./FreeRTOS/timers.o
 .rodata.prvTraceErrorGetDescription
                0x08006a40       0x3c ./TraceRecorder/trcError.o
 .rodata.AHBPrescTable
                0x08006a7c       0x10 ./cmsis/device/src/system_stm32f0xx.o
                0x08006a7c                AHBPrescTable
                0x08006a8c                        . = ALIGN (0x4)

.rel.dyn        0x08006a8c        0x0
 .rel.iplt      0x08006a8c        0x0 C:/ST/STM32CubeIDE_1.18.0/STM32CubeIDE/plugins/com.st.stm32cube.ide.mcu.externaltools.gnu-tools-for-stm32.13.3.rel1.win32_1.0.0.202411081344/tools/bin/../lib/gcc/arm-none-eabi/13.3.1/thumb/v6-m/nofp/crtbegin.o

.ARM.extab
 *(.ARM.extab* .gnu.linkonce.armextab.*)

.ARM            0x08006a8c        0x0
                0x08006a8c                        __exidx_start = .
 *(.ARM.exidx*)
                0x08006a8c                        __exidx_end = .

.preinit_array  0x08006a8c        0x0
                0x08006a8c                        PROVIDE (__preinit_array_start = .)
 *(.preinit_array*)
                0x08006a8c                        PROVIDE (__preinit_array_end = .)

.init_array     0x08006a8c        0x4
                0x08006a8c                        PROVIDE (__init_array_start = .)
 *(SORT_BY_NAME(.init_array.*))
 *(.init_array*)
 .init_array    0x08006a8c        0x4 C:/ST/STM32CubeIDE_1.18.0/STM32CubeIDE/plugins/com.st.stm32cube.ide.mcu.externaltools.gnu-tools-for-stm32.13.3.rel1.win32_1.0.0.202411081344/tools/bin/../lib/gcc/arm-none-eabi/13.3.1/thumb/v6-m/nofp/crtbegin.o
                0x08006a90                        PROVIDE (__init_array_end = .)

.fini_array     0x08006a90        0x4
                [!provide]                        PROVIDE (__fini_array_start = .)
 *(SORT_BY_NAME(.fini_array.*))
 *(.fini_array*)
 .fini_array    0x08006a90        0x4 C:/ST/STM32CubeIDE_1.18.0/STM32CubeIDE/plugins/com.st.stm32cube.ide.mcu.externaltools.gnu-tools-for-stm32.13.3.rel1.win32_1.0.0.202411081344/tools/bin/../lib/gcc/arm-none-eabi/13.3.1/thumb/v6-m/nofp/crtbegin.o
                [!provide]                        PROVIDE (__fini_array_end = .)
                0x08006a94                        _sidata = LOADADDR (.data)

.data           0x20000000        0x8 load address 0x08006a94
                0x20000000                        . = ALIGN (0x4)
                0x20000000                        _sdata = .
 *(.data)
 *(.data*)
 .data.uxCriticalNesting
                0x20000000        0x4 ./FreeRTOS/portable/GCC/ARM_CM0/port.o
 .data.SystemCoreClock
                0x20000004        0x4 ./cmsis/device/src/system_stm32f0xx.o
                0x20000004                SystemCoreClock
                0x20000008                        . = ALIGN (0x4)
                0x20000008                        _edata = .

.igot.plt       0x20000008        0x0 load address 0x08006a9c
 .igot.plt      0x20000008        0x0 C:/ST/STM32CubeIDE_1.18.0/STM32CubeIDE/plugins/com.st.stm32cube.ide.mcu.externaltools.gnu-tools-for-stm32.13.3.rel1.win32_1.0.0.202411081344/tools/bin/../lib/gcc/arm-none-eabi/13.3.1/thumb/v6-m/nofp/crtbegin.o
                0x20000008                        . = ALIGN (0x4)

.bss            0x20000008     0x2d24 load address 0x08006a9c
                0x20000008                        _sbss = .
                0x20000008                        __bss_start__ = _sbss
 *(.bss)
 .bss           0x20000008       0x1c C:/ST/STM32CubeIDE_1.18.0/STM32CubeIDE/plugins/com.st.stm32cube.ide.mcu.externaltools.gnu-tools-for-stm32.13.3.rel1.win32_1.0.0.202411081344/tools/bin/../lib/gcc/arm-none-eabi/13.3.1/thumb/v6-m/nofp/crtbegin.o
 *(.bss*)
 .bss.xQueueRegistry
                0x20000024       0x50 ./FreeRTOS/queue.o
                0x20000024                xQueueRegistry
 .bss.pxCurrentTCB
                0x20000074        0x4 ./FreeRTOS/tasks.o
                0x20000074                pxCurrentTCB
 .bss.pxReadyTasksLists
                0x20000078       0x8c ./FreeRTOS/tasks.o
 .bss.xDelayedTaskList1
                0x20000104       0x14 ./FreeRTOS/tasks.o
 .bss.xDelayedTaskList2
                0x20000118       0x14 ./FreeRTOS/tasks.o
 .bss.pxDelayedTaskList
                0x2000012c        0x4 ./FreeRTOS/tasks.o
 .bss.pxOverflowDelayedTaskList
                0x20000130        0x4 ./FreeRTOS/tasks.o
 .bss.xPendingReadyList
                0x20000134       0x14 ./FreeRTOS/tasks.o
 .bss.uxCurrentNumberOfTasks
                0x20000148        0x4 ./FreeRTOS/tasks.o
 .bss.xTickCount
                0x2000014c        0x4 ./FreeRTOS/tasks.o
 .bss.uxTopReadyPriority
                0x20000150        0x4 ./FreeRTOS/tasks.o
 .bss.xSchedulerRunning
                0x20000154        0x4 ./FreeRTOS/tasks.o
 .bss.xPendedTicks
                0x20000158        0x4 ./FreeRTOS/tasks.o
 .bss.xYieldPending
                0x2000015c        0x4 ./FreeRTOS/tasks.o
 .bss.xNumOfOverflows
                0x20000160        0x4 ./FreeRTOS/tasks.o
 .bss.uxTaskNumber
                0x20000164        0x4 ./FreeRTOS/tasks.o
 .bss.xNextTaskUnblockTime
                0x20000168        0x4 ./FreeRTOS/tasks.o
 .bss.xIdleTaskHandle
                0x2000016c        0x4 ./FreeRTOS/tasks.o
 .bss.uxSchedulerSuspended
                0x20000170        0x4 ./FreeRTOS/tasks.o
 .bss.xActiveTimerList1
                0x20000174       0x14 ./FreeRTOS/timers.o
 .bss.xActiveTimerList2
                0x20000188       0x14 ./FreeRTOS/timers.o
 .bss.pxCurrentTimerList
                0x2000019c        0x4 ./FreeRTOS/timers.o
 .bss.pxOverflowTimerList
                0x200001a0        0x4 ./FreeRTOS/timers.o
 .bss.xTimerQueue
                0x200001a4        0x4 ./FreeRTOS/timers.o
 .bss.xTimerTaskHandle
                0x200001a8        0x4 ./FreeRTOS/timers.o
 .bss.xLastTime.0
                0x200001ac        0x4 ./FreeRTOS/timers.o
 .bss.ucHeap    0x200001b0     0x1c00 ./FreeRTOS/portable/MemMang/heap_1.o
 .bss.xNextFreeByte
                0x20001db0        0x4 ./FreeRTOS/portable/MemMang/heap_1.o
 .bss.pucAlignedHeap.0
                0x20001db4        0x4 ./FreeRTOS/portable/MemMang/heap_1.o
 .bss._SEGGER_RTT
                0x20001db8       0xa8 ./TraceRecorder/streamports/Jlink_RTT/SEGGER_RTT.o
                0x20001db8                _SEGGER_RTT
 .bss._acUpBuffer
                0x20001e60       0x40 ./TraceRecorder/streamports/Jlink_RTT/SEGGER_RTT.o
 .bss._acDownBuffer
                0x20001ea0       0x10 ./TraceRecorder/streamports/Jlink_RTT/SEGGER_RTT.o
 .bss.pxStreamPortRTT
                0x20001eb0        0x4 ./TraceRecorder/streamports/Jlink_RTT/trcStreamPort.o
 .bss.pxCounterData
                0x20001eb4        0x4 ./TraceRecorder/trcCounter.o
 .bss.pxDiagnostics
                0x20001eb8        0x4 ./TraceRecorder/trcDiagnostics.o
 .bss.pxEntryTable
                0x20001ebc        0x4 ./TraceRecorder/trcEntryTable.o
 .bss.pxIndexTable
                0x20001ec0        0x4 ./TraceRecorder/trcEntryTable.o
 .bss.pxErrorInfo
                0x20001ec4        0x4 ./TraceRecorder/trcError.o
 .bss.pxTraceEventDataTable
                0x20001ec8        0x4 ./TraceRecorder/trcEvent.o
                0x20001ec8                pxTraceEventDataTable
 .bss.pxExtensionData
                0x20001ecc        0x4 ./TraceRecorder/trcExtension.o
 .bss.pxTraceISRData
                0x20001ed0        0x4 ./TraceRecorder/trcISR.o
                0x20001ed0                pxTraceISRData
 .bss.pxKernelPortData
                0x20001ed4        0x4 ./TraceRecorder/trcKernelPort.o
 .bss.pxPrintData
                0x20001ed8        0x4 ./TraceRecorder/trcPrint.o
 .bss.pxTraceStaticBufferTable
                0x20001edc        0x4 ./TraceRecorder/trcStaticBuffer.o
                0x20001edc                pxTraceStaticBufferTable
 .bss.xRecorderData
                0x20001ee0      0xdf4 ./TraceRecorder/trcStreamingRecorder.o
 .bss.pxTraceRecorderData
                0x20002cd4        0x4 ./TraceRecorder/trcStreamingRecorder.o
                0x20002cd4                pxTraceRecorderData
 .bss.pxHeader  0x20002cd8        0x4 ./TraceRecorder/trcStreamingRecorder.o
 .bss.RecorderInitialized
                0x20002cdc        0x4 ./TraceRecorder/trcStreamingRecorder.o
                0x20002cdc                RecorderInitialized
 .bss.pxTraceTaskData
                0x20002ce0        0x4 ./TraceRecorder/trcTask.o
                0x20002ce0                pxTraceTaskData
 .bss.pxTraceTimestamp
                0x20002ce4        0x4 ./TraceRecorder/trcTimestamp.o
                0x20002ce4                pxTraceTimestamp
 .bss.actuators_reg
                0x20002ce8        0x4 ./app/src/main.o
                0x20002ce8                actuators_reg
 .bss.xWriteQueue
                0x20002cec        0x4 ./app/src/main.o
                0x20002cec                xWriteQueue
 .bss.xReadQueue
                0x20002cf0        0x4 ./app/src/main.o
                0x20002cf0                xReadQueue
 .bss.xSem1     0x20002cf4        0x4 ./app/src/main.o
                0x20002cf4                xSem1
 .bss.xSem2     0x20002cf8        0x4 ./app/src/main.o
                0x20002cf8                xSem2
 .bss.xSem3     0x20002cfc        0x4 ./app/src/main.o
                0x20002cfc                xSem3
 .bss.xSem4     0x20002d00        0x4 ./app/src/main.o
                0x20002d00                xSem4
 .bss.vTask_Write_handle
                0x20002d04        0x4 ./app/src/main.o
                0x20002d04                vTask_Write_handle
 .bss.vTask_ChargementPalette_handle
                0x20002d08        0x4 ./app/src/main.o
                0x20002d08                vTask_ChargementPalette_handle
 .bss.vTask_Ascenceur_handle
                0x20002d0c        0x4 ./app/src/main.o
                0x20002d0c                vTask_Ascenceur_handle
 .bss.vTask_Palette_handle
                0x20002d10        0x4 ./app/src/main.o
                0x20002d10                vTask_Palette_handle
 .bss.tx_dma_buffer
                0x20002d14        0x7 ./bsp/src/factory_io.o
                0x20002d14                tx_dma_buffer
 *fill*         0x20002d1b        0x1 
 .bss.rx_dma_buffer
                0x20002d1c        0xe ./bsp/src/factory_io.o
                0x20002d1c                rx_dma_buffer
 *(COMMON)
                0x20002d2c                        . = ALIGN (0x4)
 *fill*         0x20002d2a        0x2 
                0x20002d2c                        _ebss = .
                0x20002d2c                        __bss_end__ = _ebss

._user_heap_stack
                0x20002d2c      0x604 load address 0x08006a9c
                0x20002d30                        . = ALIGN (0x8)
 *fill*         0x20002d2c        0x4 
                [!provide]                        PROVIDE (end = .)
                [!provide]                        PROVIDE (_end = .)
                0x20002f30                        . = (. + _Min_Heap_Size)
 *fill*         0x20002d30      0x200 
                0x20003330                        . = (. + _Min_Stack_Size)
 *fill*         0x20002f30      0x400 
                0x20003330                        . = ALIGN (0x8)

/DISCARD/
 libc.a(*)
 libm.a(*)
 libgcc.a(*)

.ARM.attributes
                0x00000000       0x28
 *(.ARM.attributes)
 .ARM.attributes
                0x00000000       0x1e C:/ST/STM32CubeIDE_1.18.0/STM32CubeIDE/plugins/com.st.stm32cube.ide.mcu.externaltools.gnu-tools-for-stm32.13.3.rel1.win32_1.0.0.202411081344/tools/bin/../lib/gcc/arm-none-eabi/13.3.1/thumb/v6-m/nofp/crti.o
 .ARM.attributes
                0x0000001e       0x2c C:/ST/STM32CubeIDE_1.18.0/STM32CubeIDE/plugins/com.st.stm32cube.ide.mcu.externaltools.gnu-tools-for-stm32.13.3.rel1.win32_1.0.0.202411081344/tools/bin/../lib/gcc/arm-none-eabi/13.3.1/thumb/v6-m/nofp/crtbegin.o
 .ARM.attributes
                0x0000004a       0x2c ./FreeRTOS/list.o
 .ARM.attributes
                0x00000076       0x2c ./FreeRTOS/queue.o
 .ARM.attributes
                0x000000a2       0x2c ./FreeRTOS/tasks.o
 .ARM.attributes
                0x000000ce       0x2c ./FreeRTOS/timers.o
 .ARM.attributes
                0x000000fa       0x2c ./FreeRTOS/portable/GCC/ARM_CM0/port.o
 .ARM.attributes
                0x00000126       0x2c ./FreeRTOS/portable/MemMang/heap_1.o
 .ARM.attributes
                0x00000152       0x2c ./TraceRecorder/streamports/Jlink_RTT/SEGGER_RTT.o
 .ARM.attributes
                0x0000017e       0x2c ./TraceRecorder/streamports/Jlink_RTT/trcStreamPort.o
 .ARM.attributes
                0x000001aa       0x2c ./TraceRecorder/trcCounter.o
 .ARM.attributes
                0x000001d6       0x2c ./TraceRecorder/trcDiagnostics.o
 .ARM.attributes
                0x00000202       0x2c ./TraceRecorder/trcEntryTable.o
 .ARM.attributes
                0x0000022e       0x2c ./TraceRecorder/trcError.o
 .ARM.attributes
                0x0000025a       0x2c ./TraceRecorder/trcEvent.o
 .ARM.attributes
                0x00000286       0x2c ./TraceRecorder/trcExtension.o
 .ARM.attributes
                0x000002b2       0x2c ./TraceRecorder/trcHeap.o
 .ARM.attributes
                0x000002de       0x2c ./TraceRecorder/trcISR.o
 .ARM.attributes
                0x0000030a       0x2c ./TraceRecorder/trcKernelPort.o
 .ARM.attributes
                0x00000336       0x2c ./TraceRecorder/trcObject.o
 .ARM.attributes
                0x00000362       0x2c ./TraceRecorder/trcPrint.o
 .ARM.attributes
                0x0000038e       0x2c ./TraceRecorder/trcStaticBuffer.o
 .ARM.attributes
                0x000003ba       0x2c ./TraceRecorder/trcStreamingRecorder.o
 .ARM.attributes
                0x000003e6       0x2c ./TraceRecorder/trcString.o
 .ARM.attributes
                0x00000412       0x2c ./TraceRecorder/trcTask.o
 .ARM.attributes
                0x0000043e       0x2c ./TraceRecorder/trcTimestamp.o
 .ARM.attributes
                0x0000046a       0x2c ./app/src/main.o
 .ARM.attributes
                0x00000496       0x2c ./app/src/stm32f0xx_it.o
 .ARM.attributes
                0x000004c2       0x2c ./bsp/src/bsp.o
 .ARM.attributes
                0x000004ee       0x2c ./bsp/src/factory_io.o
 .ARM.attributes
                0x0000051a       0x21 ./cmsis/device/src/startup_stm32f072xb.o
 .ARM.attributes
                0x0000053b       0x2c ./cmsis/device/src/system_stm32f0xx.o
 .ARM.attributes
                0x00000567       0x2c C:/ST/STM32CubeIDE_1.18.0/STM32CubeIDE/plugins/com.st.stm32cube.ide.mcu.externaltools.gnu-tools-for-stm32.13.3.rel1.win32_1.0.0.202411081344/tools/bin/../lib/gcc/arm-none-eabi/13.3.1/../../../../arm-none-eabi/lib/thumb/v6-m/nofp\libc_nano.a(libc_a-memset.o)
 .ARM.attributes
                0x00000593       0x2c C:/ST/STM32CubeIDE_1.18.0/STM32CubeIDE/plugins/com.st.stm32cube.ide.mcu.externaltools.gnu-tools-for-stm32.13.3.rel1.win32_1.0.0.202411081344/tools/bin/../lib/gcc/arm-none-eabi/13.3.1/../../../../arm-none-eabi/lib/thumb/v6-m/nofp\libc_nano.a(libc_a-init.o)
 .ARM.attributes
                0x000005bf       0x2c C:/ST/STM32CubeIDE_1.18.0/STM32CubeIDE/plugins/com.st.stm32cube.ide.mcu.externaltools.gnu-tools-for-stm32.13.3.rel1.win32_1.0.0.202411081344/tools/bin/../lib/gcc/arm-none-eabi/13.3.1/../../../../arm-none-eabi/lib/thumb/v6-m/nofp\libc_nano.a(libc_a-memcpy-stub.o)
 .ARM.attributes
                0x000005eb       0x1e C:/ST/STM32CubeIDE_1.18.0/STM32CubeIDE/plugins/com.st.stm32cube.ide.mcu.externaltools.gnu-tools-for-stm32.13.3.rel1.win32_1.0.0.202411081344/tools/bin/../lib/gcc/arm-none-eabi/13.3.1/thumb/v6-m/nofp/crtn.o
OUTPUT(paletiseur.elf elf32-littlearm)
LOAD linker stubs
LOAD C:/ST/STM32CubeIDE_1.18.0/STM32CubeIDE/plugins/com.st.stm32cube.ide.mcu.externaltools.gnu-tools-for-stm32.13.3.rel1.win32_1.0.0.202411081344/tools/bin/../lib/gcc/arm-none-eabi/13.3.1/../../../../arm-none-eabi/lib/thumb/v6-m/nofp\libc.a
LOAD C:/ST/STM32CubeIDE_1.18.0/STM32CubeIDE/plugins/com.st.stm32cube.ide.mcu.externaltools.gnu-tools-for-stm32.13.3.rel1.win32_1.0.0.202411081344/tools/bin/../lib/gcc/arm-none-eabi/13.3.1/../../../../arm-none-eabi/lib/thumb/v6-m/nofp\libm.a
LOAD C:/ST/STM32CubeIDE_1.18.0/STM32CubeIDE/plugins/com.st.stm32cube.ide.mcu.externaltools.gnu-tools-for-stm32.13.3.rel1.win32_1.0.0.202411081344/tools/bin/../lib/gcc/arm-none-eabi/13.3.1/thumb/v6-m/nofp\libgcc.a

.debug_info     0x00000000     0xecd9
 .debug_info    0x00000000      0x2af ./FreeRTOS/list.o
 .debug_info    0x000002af     0x1183 ./FreeRTOS/queue.o
 .debug_info    0x00001432     0x193f ./FreeRTOS/tasks.o
 .debug_info    0x00002d71      0xcc3 ./FreeRTOS/timers.o
 .debug_info    0x00003a34      0x290 ./FreeRTOS/portable/GCC/ARM_CM0/port.o
 .debug_info    0x00003cc4      0x97f ./FreeRTOS/portable/MemMang/heap_1.o
 .debug_info    0x00004643      0xd7e ./TraceRecorder/streamports/Jlink_RTT/SEGGER_RTT.o
 .debug_info    0x000053c1      0x1df ./TraceRecorder/streamports/Jlink_RTT/trcStreamPort.o
 .debug_info    0x000055a0      0x386 ./TraceRecorder/trcCounter.o
 .debug_info    0x00005926      0x325 ./TraceRecorder/trcDiagnostics.o
 .debug_info    0x00005c4b      0x66b ./TraceRecorder/trcEntryTable.o
 .debug_info    0x000062b6      0x2d5 ./TraceRecorder/trcError.o
 .debug_info    0x0000658b     0x1480 ./TraceRecorder/trcEvent.o
 .debug_info    0x00007a0b      0x355 ./TraceRecorder/trcExtension.o
 .debug_info    0x00007d60      0x2d4 ./TraceRecorder/trcHeap.o
 .debug_info    0x00008034      0xc65 ./TraceRecorder/trcISR.o
 .debug_info    0x00008c99      0x408 ./TraceRecorder/trcKernelPort.o
 .debug_info    0x000090a1     0x10a1 ./TraceRecorder/trcObject.o
 .debug_info    0x0000a142      0xd43 ./TraceRecorder/trcPrint.o
 .debug_info    0x0000ae85      0x184 ./TraceRecorder/trcStaticBuffer.o
 .debug_info    0x0000b009     0x12d6 ./TraceRecorder/trcStreamingRecorder.o
 .debug_info    0x0000c2df      0xa3d ./TraceRecorder/trcString.o
 .debug_info    0x0000cd1c      0xad2 ./TraceRecorder/trcTask.o
 .debug_info    0x0000d7ee      0x17c ./TraceRecorder/trcTimestamp.o
 .debug_info    0x0000d96a      0x7c5 ./app/src/main.o
 .debug_info    0x0000e12f      0x1a5 ./app/src/stm32f0xx_it.o
 .debug_info    0x0000e2d4      0x4e6 ./bsp/src/bsp.o
 .debug_info    0x0000e7ba      0x2b4 ./bsp/src/factory_io.o
 .debug_info    0x0000ea6e       0x30 ./cmsis/device/src/startup_stm32f072xb.o
 .debug_info    0x0000ea9e      0x23b ./cmsis/device/src/system_stm32f0xx.o

.debug_abbrev   0x00000000     0x3748
 .debug_abbrev  0x00000000       0xf5 ./FreeRTOS/list.o
 .debug_abbrev  0x000000f5      0x2a8 ./FreeRTOS/queue.o
 .debug_abbrev  0x0000039d      0x32f ./FreeRTOS/tasks.o
 .debug_abbrev  0x000006cc      0x2a9 ./FreeRTOS/timers.o
 .debug_abbrev  0x00000975      0x1e8 ./FreeRTOS/portable/GCC/ARM_CM0/port.o
 .debug_abbrev  0x00000b5d      0x205 ./FreeRTOS/portable/MemMang/heap_1.o
 .debug_abbrev  0x00000d62      0x20a ./TraceRecorder/streamports/Jlink_RTT/SEGGER_RTT.o
 .debug_abbrev  0x00000f6c      0x11c ./TraceRecorder/streamports/Jlink_RTT/trcStreamPort.o
 .debug_abbrev  0x00001088      0x156 ./TraceRecorder/trcCounter.o
 .debug_abbrev  0x000011de      0x170 ./TraceRecorder/trcDiagnostics.o
 .debug_abbrev  0x0000134e      0x232 ./TraceRecorder/trcEntryTable.o
 .debug_abbrev  0x00001580      0x189 ./TraceRecorder/trcError.o
 .debug_abbrev  0x00001709      0x339 ./TraceRecorder/trcEvent.o
 .debug_abbrev  0x00001a42      0x134 ./TraceRecorder/trcExtension.o
 .debug_abbrev  0x00001b76      0x100 ./TraceRecorder/trcHeap.o
 .debug_abbrev  0x00001c76      0x299 ./TraceRecorder/trcISR.o
 .debug_abbrev  0x00001f0f      0x1f2 ./TraceRecorder/trcKernelPort.o
 .debug_abbrev  0x00002101      0x2d2 ./TraceRecorder/trcObject.o
 .debug_abbrev  0x000023d3      0x23e ./TraceRecorder/trcPrint.o
 .debug_abbrev  0x00002611       0xdf ./TraceRecorder/trcStaticBuffer.o
 .debug_abbrev  0x000026f0      0x3a4 ./TraceRecorder/trcStreamingRecorder.o
 .debug_abbrev  0x00002a94      0x1e6 ./TraceRecorder/trcString.o
 .debug_abbrev  0x00002c7a      0x272 ./TraceRecorder/trcTask.o
 .debug_abbrev  0x00002eec       0xc8 ./TraceRecorder/trcTimestamp.o
 .debug_abbrev  0x00002fb4      0x2a6 ./app/src/main.o
 .debug_abbrev  0x0000325a      0x116 ./app/src/stm32f0xx_it.o
 .debug_abbrev  0x00003370      0x135 ./bsp/src/bsp.o
 .debug_abbrev  0x000034a5      0x163 ./bsp/src/factory_io.o
 .debug_abbrev  0x00003608       0x24 ./cmsis/device/src/startup_stm32f072xb.o
 .debug_abbrev  0x0000362c      0x11c ./cmsis/device/src/system_stm32f0xx.o

.debug_aranges  0x00000000      0xbe0
 .debug_aranges
                0x00000000       0x40 ./FreeRTOS/list.o
 .debug_aranges
                0x00000040      0x108 ./FreeRTOS/queue.o
 .debug_aranges
                0x00000148      0x190 ./FreeRTOS/tasks.o
 .debug_aranges
                0x000002d8       0xe8 ./FreeRTOS/timers.o
 .debug_aranges
                0x000003c0       0x88 ./FreeRTOS/portable/GCC/ARM_CM0/port.o
 .debug_aranges
                0x00000448       0x38 ./FreeRTOS/portable/MemMang/heap_1.o
 .debug_aranges
                0x00000480       0xf0 ./TraceRecorder/streamports/Jlink_RTT/SEGGER_RTT.o
 .debug_aranges
                0x00000570       0x28 ./TraceRecorder/streamports/Jlink_RTT/trcStreamPort.o
 .debug_aranges
                0x00000598       0x38 ./TraceRecorder/trcCounter.o
 .debug_aranges
                0x000005d0       0x60 ./TraceRecorder/trcDiagnostics.o
 .debug_aranges
                0x00000630       0x68 ./TraceRecorder/trcEntryTable.o
 .debug_aranges
                0x00000698       0x50 ./TraceRecorder/trcError.o
 .debug_aranges
                0x000006e8       0x80 ./TraceRecorder/trcEvent.o
 .debug_aranges
                0x00000768       0x38 ./TraceRecorder/trcExtension.o
 .debug_aranges
                0x000007a0       0x30 ./TraceRecorder/trcHeap.o
 .debug_aranges
                0x000007d0       0x40 ./TraceRecorder/trcISR.o
 .debug_aranges
                0x00000810       0x60 ./TraceRecorder/trcKernelPort.o
 .debug_aranges
                0x00000870       0x68 ./TraceRecorder/trcObject.o
 .debug_aranges
                0x000008d8       0x50 ./TraceRecorder/trcPrint.o
 .debug_aranges
                0x00000928       0x20 ./TraceRecorder/trcStaticBuffer.o
 .debug_aranges
                0x00000948       0xa8 ./TraceRecorder/trcStreamingRecorder.o
 .debug_aranges
                0x000009f0       0x28 ./TraceRecorder/trcString.o
 .debug_aranges
                0x00000a18       0x40 ./TraceRecorder/trcTask.o
 .debug_aranges
                0x00000a58       0x20 ./TraceRecorder/trcTimestamp.o
 .debug_aranges
                0x00000a78       0x60 ./app/src/main.o
 .debug_aranges
                0x00000ad8       0x30 ./app/src/stm32f0xx_it.o
 .debug_aranges
                0x00000b08       0x58 ./bsp/src/bsp.o
 .debug_aranges
                0x00000b60       0x30 ./bsp/src/factory_io.o
 .debug_aranges
                0x00000b90       0x28 ./cmsis/device/src/startup_stm32f072xb.o
 .debug_aranges
                0x00000bb8       0x28 ./cmsis/device/src/system_stm32f0xx.o

.debug_rnglists
                0x00000000      0x8c8
 .debug_rnglists
                0x00000000       0x2b ./FreeRTOS/list.o
 .debug_rnglists
                0x0000002b       0xcf ./FreeRTOS/queue.o
 .debug_rnglists
                0x000000fa      0x13e ./FreeRTOS/tasks.o
 .debug_rnglists
                0x00000238       0xad ./FreeRTOS/timers.o
 .debug_rnglists
                0x000002e5       0x61 ./FreeRTOS/portable/GCC/ARM_CM0/port.o
 .debug_rnglists
                0x00000346       0x26 ./FreeRTOS/portable/MemMang/heap_1.o
 .debug_rnglists
                0x0000036c       0xbc ./TraceRecorder/streamports/Jlink_RTT/SEGGER_RTT.o
 .debug_rnglists
                0x00000428       0x19 ./TraceRecorder/streamports/Jlink_RTT/trcStreamPort.o
 .debug_rnglists
                0x00000441       0x25 ./TraceRecorder/trcCounter.o
 .debug_rnglists
                0x00000466       0x44 ./TraceRecorder/trcDiagnostics.o
 .debug_rnglists
                0x000004aa       0x4c ./TraceRecorder/trcEntryTable.o
 .debug_rnglists
                0x000004f6       0x3a ./TraceRecorder/trcError.o
 .debug_rnglists
                0x00000530       0x66 ./TraceRecorder/trcEvent.o
 .debug_rnglists
                0x00000596       0x26 ./TraceRecorder/trcExtension.o
 .debug_rnglists
                0x000005bc       0x1f ./TraceRecorder/trcHeap.o
 .debug_rnglists
                0x000005db       0x2d ./TraceRecorder/trcISR.o
 .debug_rnglists
                0x00000608       0x43 ./TraceRecorder/trcKernelPort.o
 .debug_rnglists
                0x0000064b       0x4d ./TraceRecorder/trcObject.o
 .debug_rnglists
                0x00000698       0x3a ./TraceRecorder/trcPrint.o
 .debug_rnglists
                0x000006d2       0x13 ./TraceRecorder/trcStaticBuffer.o
 .debug_rnglists
                0x000006e5       0x80 ./TraceRecorder/trcStreamingRecorder.o
 .debug_rnglists
                0x00000765       0x1a ./TraceRecorder/trcString.o
 .debug_rnglists
                0x0000077f       0x2c ./TraceRecorder/trcTask.o
 .debug_rnglists
                0x000007ab       0x13 ./TraceRecorder/trcTimestamp.o
 .debug_rnglists
                0x000007be       0x57 ./app/src/main.o
 .debug_rnglists
                0x00000815       0x1f ./app/src/stm32f0xx_it.o
 .debug_rnglists
                0x00000834       0x40 ./bsp/src/bsp.o
 .debug_rnglists
                0x00000874       0x21 ./bsp/src/factory_io.o
 .debug_rnglists
                0x00000895       0x19 ./cmsis/device/src/startup_stm32f072xb.o
 .debug_rnglists
                0x000008ae       0x1a ./cmsis/device/src/system_stm32f0xx.o

.debug_macro    0x00000000     0x5e2a
 .debug_macro   0x00000000      0x3ae ./FreeRTOS/list.o
 .debug_macro   0x000003ae      0x445 ./FreeRTOS/queue.o
 .debug_macro   0x000007f3       0x16 ./FreeRTOS/queue.o
 .debug_macro   0x00000809       0x3c ./FreeRTOS/queue.o
 .debug_macro   0x00000845       0x20 ./FreeRTOS/queue.o
 .debug_macro   0x00000865       0x80 ./FreeRTOS/queue.o
 .debug_macro   0x000008e5      0x49a ./FreeRTOS/tasks.o
 .debug_macro   0x00000d7f       0x17 ./FreeRTOS/tasks.o
 .debug_macro   0x00000d96      0x3fd ./FreeRTOS/timers.o
 .debug_macro   0x00001193       0x97 ./FreeRTOS/timers.o
 .debug_macro   0x0000122a      0x369 ./FreeRTOS/portable/GCC/ARM_CM0/port.o
 .debug_macro   0x00001593      0x3c3 ./FreeRTOS/portable/MemMang/heap_1.o
 .debug_macro   0x00001956      0x176 ./TraceRecorder/streamports/Jlink_RTT/SEGGER_RTT.o
 .debug_macro   0x00001acc      0x2c9 ./TraceRecorder/streamports/Jlink_RTT/trcStreamPort.o
 .debug_macro   0x00001d95       0x76 ./TraceRecorder/streamports/Jlink_RTT/trcStreamPort.o
 .debug_macro   0x00001e0b      0x190 ./TraceRecorder/streamports/Jlink_RTT/trcStreamPort.o
 .debug_macro   0x00001f9b      0x49a ./TraceRecorder/streamports/Jlink_RTT/trcStreamPort.o
 .debug_macro   0x00002435       0x34 ./TraceRecorder/streamports/Jlink_RTT/trcStreamPort.o
 .debug_macro   0x00002469      0x2c9 ./TraceRecorder/trcCounter.o
 .debug_macro   0x00002732      0x2c9 ./TraceRecorder/trcDiagnostics.o
 .debug_macro   0x000029fb      0x2e1 ./TraceRecorder/trcEntryTable.o
 .debug_macro   0x00002cdc      0x2d5 ./TraceRecorder/trcError.o
 .debug_macro   0x00002fb1      0x2cf ./TraceRecorder/trcEvent.o
 .debug_macro   0x00003280      0x2d5 ./TraceRecorder/trcExtension.o
 .debug_macro   0x00003555      0x2c9 ./TraceRecorder/trcHeap.o
 .debug_macro   0x0000381e      0x2c9 ./TraceRecorder/trcISR.o
 .debug_macro   0x00003ae7      0x305 ./TraceRecorder/trcKernelPort.o
 .debug_macro   0x00003dec      0x2cf ./TraceRecorder/trcObject.o
 .debug_macro   0x000040bb      0x2c9 ./TraceRecorder/trcPrint.o
 .debug_macro   0x00004384      0x2c9 ./TraceRecorder/trcStaticBuffer.o
 .debug_macro   0x0000464d      0x2db ./TraceRecorder/trcStreamingRecorder.o
 .debug_macro   0x00004928      0x2c9 ./TraceRecorder/trcString.o
 .debug_macro   0x00004bf1      0x2d5 ./TraceRecorder/trcTask.o
 .debug_macro   0x00004ec6      0x2c9 ./TraceRecorder/trcTimestamp.o
 .debug_macro   0x0000518f      0x355 ./app/src/main.o
 .debug_macro   0x000054e4       0x2e ./app/src/main.o
 .debug_macro   0x00005512       0x86 ./app/src/main.o
 .debug_macro   0x00005598       0x5b ./app/src/main.o
 .debug_macro   0x000055f3      0x359 ./app/src/stm32f0xx_it.o
 .debug_macro   0x0000594c      0x34f ./bsp/src/bsp.o
 .debug_macro   0x00005c9b       0xc3 ./bsp/src/factory_io.o
 .debug_macro   0x00005d5e       0xcc ./cmsis/device/src/system_stm32f0xx.o

.debug_line     0x00000000    0x18315
 .debug_line    0x00000000      0xce7 ./FreeRTOS/list.o
 .debug_line    0x00000ce7     0x1add ./FreeRTOS/queue.o
 .debug_line    0x000027c4     0x1a80 ./FreeRTOS/tasks.o
 .debug_line    0x00004244     0x1186 ./FreeRTOS/timers.o
 .debug_line    0x000053ca      0xc95 ./FreeRTOS/portable/GCC/ARM_CM0/port.o
 .debug_line    0x0000605f      0xcae ./FreeRTOS/portable/MemMang/heap_1.o
 .debug_line    0x00006d0d      0xd25 ./TraceRecorder/streamports/Jlink_RTT/SEGGER_RTT.o
 .debug_line    0x00007a32      0xae8 ./TraceRecorder/streamports/Jlink_RTT/trcStreamPort.o
 .debug_line    0x0000851a      0xb3f ./TraceRecorder/trcCounter.o
 .debug_line    0x00009059      0xc0f ./TraceRecorder/trcDiagnostics.o
 .debug_line    0x00009c68      0xd72 ./TraceRecorder/trcEntryTable.o
 .debug_line    0x0000a9da      0xc32 ./TraceRecorder/trcError.o
 .debug_line    0x0000b60c     0x10ac ./TraceRecorder/trcEvent.o
 .debug_line    0x0000c6b8      0xb13 ./TraceRecorder/trcExtension.o
 .debug_line    0x0000d1cb      0xb1d ./TraceRecorder/trcHeap.o
 .debug_line    0x0000dce8      0xc94 ./TraceRecorder/trcISR.o
 .debug_line    0x0000e97c      0xbba ./TraceRecorder/trcKernelPort.o
 .debug_line    0x0000f536      0xef5 ./TraceRecorder/trcObject.o
 .debug_line    0x0001042b      0xd59 ./TraceRecorder/trcPrint.o
 .debug_line    0x00011184      0xa9a ./TraceRecorder/trcStaticBuffer.o
 .debug_line    0x00011c1e     0x10c1 ./TraceRecorder/trcStreamingRecorder.o
 .debug_line    0x00012cdf      0xb56 ./TraceRecorder/trcString.o
 .debug_line    0x00013835      0xb94 ./TraceRecorder/trcTask.o
 .debug_line    0x000143c9      0xac7 ./TraceRecorder/trcTimestamp.o
 .debug_line    0x00014e90      0xeeb ./app/src/main.o
 .debug_line    0x00015d7b      0xb90 ./app/src/stm32f0xx_it.o
 .debug_line    0x0001690b      0xd7b ./bsp/src/bsp.o
 .debug_line    0x00017686      0x661 ./bsp/src/factory_io.o
 .debug_line    0x00017ce7       0x7b ./cmsis/device/src/startup_stm32f072xb.o
 .debug_line    0x00017d62      0x5b3 ./cmsis/device/src/system_stm32f0xx.o

.debug_str      0x00000000    0x77b14
 .debug_str     0x00000000    0x77b14 ./FreeRTOS/list.o
                              0x6fb36 (size before relaxing)
 .debug_str     0x00077b14    0x7211f ./FreeRTOS/queue.o
 .debug_str     0x00077b14    0x72a44 ./FreeRTOS/tasks.o
 .debug_str     0x00077b14    0x723a1 ./FreeRTOS/timers.o
 .debug_str     0x00077b14    0x6df3b ./FreeRTOS/portable/GCC/ARM_CM0/port.o
 .debug_str     0x00077b14    0x71575 ./FreeRTOS/portable/MemMang/heap_1.o
 .debug_str     0x00077b14     0x73d2 ./TraceRecorder/streamports/Jlink_RTT/SEGGER_RTT.o
 .debug_str     0x00077b14    0x6c40c ./TraceRecorder/streamports/Jlink_RTT/trcStreamPort.o
 .debug_str     0x00077b14    0x6c544 ./TraceRecorder/trcCounter.o
 .debug_str     0x00077b14    0x6c585 ./TraceRecorder/trcDiagnostics.o
 .debug_str     0x00077b14    0x6c94c ./TraceRecorder/trcEntryTable.o
 .debug_str     0x00077b14    0x6c56f ./TraceRecorder/trcError.o
 .debug_str     0x00077b14    0x6d000 ./TraceRecorder/trcEvent.o
 .debug_str     0x00077b14    0x6c66c ./TraceRecorder/trcExtension.o
 .debug_str     0x00077b14    0x6c434 ./TraceRecorder/trcHeap.o
 .debug_str     0x00077b14    0x6ccd8 ./TraceRecorder/trcISR.o
 .debug_str     0x00077b14    0x6e3e4 ./TraceRecorder/trcKernelPort.o
 .debug_str     0x00077b14    0x6ce09 ./TraceRecorder/trcObject.o
 .debug_str     0x00077b14    0x6cd3f ./TraceRecorder/trcPrint.o
 .debug_str     0x00077b14    0x6c3f6 ./TraceRecorder/trcStaticBuffer.o
 .debug_str     0x00077b14    0x6d287 ./TraceRecorder/trcStreamingRecorder.o
 .debug_str     0x00077b14    0x6cc17 ./TraceRecorder/trcString.o
 .debug_str     0x00077b14    0x6cc58 ./TraceRecorder/trcTask.o
 .debug_str     0x00077b14    0x6c3d2 ./TraceRecorder/trcTimestamp.o
 .debug_str     0x00077b14    0x6fbcb ./app/src/main.o
 .debug_str     0x00077b14    0x6f85f ./app/src/stm32f0xx_it.o
 .debug_str     0x00077b14    0x6f90d ./bsp/src/bsp.o
 .debug_str     0x00077b14    0x5a84a ./bsp/src/factory_io.o
 .debug_str     0x00077b14       0x82 ./cmsis/device/src/startup_stm32f072xb.o
 .debug_str     0x00077b14    0x5a81a ./cmsis/device/src/system_stm32f0xx.o

.comment        0x00000000       0x43
 .comment       0x00000000       0x43 ./FreeRTOS/list.o
                                 0x44 (size before relaxing)
 .comment       0x00000043       0x44 ./FreeRTOS/queue.o
 .comment       0x00000043       0x44 ./FreeRTOS/tasks.o
 .comment       0x00000043       0x44 ./FreeRTOS/timers.o
 .comment       0x00000043       0x44 ./FreeRTOS/portable/GCC/ARM_CM0/port.o
 .comment       0x00000043       0x44 ./FreeRTOS/portable/MemMang/heap_1.o
 .comment       0x00000043       0x44 ./TraceRecorder/streamports/Jlink_RTT/SEGGER_RTT.o
 .comment       0x00000043       0x44 ./TraceRecorder/streamports/Jlink_RTT/trcStreamPort.o
 .comment       0x00000043       0x44 ./TraceRecorder/trcCounter.o
 .comment       0x00000043       0x44 ./TraceRecorder/trcDiagnostics.o
 .comment       0x00000043       0x44 ./TraceRecorder/trcEntryTable.o
 .comment       0x00000043       0x44 ./TraceRecorder/trcError.o
 .comment       0x00000043       0x44 ./TraceRecorder/trcEvent.o
 .comment       0x00000043       0x44 ./TraceRecorder/trcExtension.o
 .comment       0x00000043       0x44 ./TraceRecorder/trcHeap.o
 .comment       0x00000043       0x44 ./TraceRecorder/trcISR.o
 .comment       0x00000043       0x44 ./TraceRecorder/trcKernelPort.o
 .comment       0x00000043       0x44 ./TraceRecorder/trcObject.o
 .comment       0x00000043       0x44 ./TraceRecorder/trcPrint.o
 .comment       0x00000043       0x44 ./TraceRecorder/trcStaticBuffer.o
 .comment       0x00000043       0x44 ./TraceRecorder/trcStreamingRecorder.o
 .comment       0x00000043       0x44 ./TraceRecorder/trcString.o
 .comment       0x00000043       0x44 ./TraceRecorder/trcTask.o
 .comment       0x00000043       0x44 ./TraceRecorder/trcTimestamp.o
 .comment       0x00000043       0x44 ./app/src/main.o
 .comment       0x00000043       0x44 ./app/src/stm32f0xx_it.o
 .comment       0x00000043       0x44 ./bsp/src/bsp.o
 .comment       0x00000043       0x44 ./bsp/src/factory_io.o
 .comment       0x00000043       0x44 ./cmsis/device/src/system_stm32f0xx.o

.debug_frame    0x00000000     0x25a0
 .debug_frame   0x00000000       0xb0 ./FreeRTOS/list.o
 .debug_frame   0x000000b0      0x3d8 ./FreeRTOS/queue.o
 .debug_frame   0x00000488      0x5d8 ./FreeRTOS/tasks.o
 .debug_frame   0x00000a60      0x348 ./FreeRTOS/timers.o
 .debug_frame   0x00000da8      0x174 ./FreeRTOS/portable/GCC/ARM_CM0/port.o
 .debug_frame   0x00000f1c       0x88 ./FreeRTOS/portable/MemMang/heap_1.o
 .debug_frame   0x00000fa4      0x36c ./TraceRecorder/streamports/Jlink_RTT/SEGGER_RTT.o
 .debug_frame   0x00001310       0x50 ./TraceRecorder/streamports/Jlink_RTT/trcStreamPort.o
 .debug_frame   0x00001360       0x90 ./TraceRecorder/trcCounter.o
 .debug_frame   0x000013f0      0x12c ./TraceRecorder/trcDiagnostics.o
 .debug_frame   0x0000151c      0x150 ./TraceRecorder/trcEntryTable.o
 .debug_frame   0x0000166c       0xec ./TraceRecorder/trcError.o
 .debug_frame   0x00001758      0x1b0 ./TraceRecorder/trcEvent.o
 .debug_frame   0x00001908       0x90 ./TraceRecorder/trcExtension.o
 .debug_frame   0x00001998       0x70 ./TraceRecorder/trcHeap.o
 .debug_frame   0x00001a08       0xb0 ./TraceRecorder/trcISR.o
 .debug_frame   0x00001ab8      0x128 ./TraceRecorder/trcKernelPort.o
 .debug_frame   0x00001be0      0x150 ./TraceRecorder/trcObject.o
 .debug_frame   0x00001d30       0xf4 ./TraceRecorder/trcPrint.o
 .debug_frame   0x00001e24       0x30 ./TraceRecorder/trcStaticBuffer.o
 .debug_frame   0x00001e54      0x248 ./TraceRecorder/trcStreamingRecorder.o
 .debug_frame   0x0000209c       0x50 ./TraceRecorder/trcString.o
 .debug_frame   0x000020ec       0xb0 ./TraceRecorder/trcTask.o
 .debug_frame   0x0000219c       0x30 ./TraceRecorder/trcTimestamp.o
 .debug_frame   0x000021cc      0x144 ./app/src/main.o
 .debug_frame   0x00002310       0x68 ./app/src/stm32f0xx_it.o
 .debug_frame   0x00002378       0xf8 ./bsp/src/bsp.o
 .debug_frame   0x00002470       0x70 ./bsp/src/factory_io.o
 .debug_frame   0x000024e0       0x4c ./cmsis/device/src/system_stm32f0xx.o
 .debug_frame   0x0000252c       0x20 C:/ST/STM32CubeIDE_1.18.0/STM32CubeIDE/plugins/com.st.stm32cube.ide.mcu.externaltools.gnu-tools-for-stm32.13.3.rel1.win32_1.0.0.202411081344/tools/bin/../lib/gcc/arm-none-eabi/13.3.1/../../../../arm-none-eabi/lib/thumb/v6-m/nofp\libc_nano.a(libc_a-memset.o)
 .debug_frame   0x0000254c       0x2c C:/ST/STM32CubeIDE_1.18.0/STM32CubeIDE/plugins/com.st.stm32cube.ide.mcu.externaltools.gnu-tools-for-stm32.13.3.rel1.win32_1.0.0.202411081344/tools/bin/../lib/gcc/arm-none-eabi/13.3.1/../../../../arm-none-eabi/lib/thumb/v6-m/nofp\libc_nano.a(libc_a-init.o)
 .debug_frame   0x00002578       0x28 C:/ST/STM32CubeIDE_1.18.0/STM32CubeIDE/plugins/com.st.stm32cube.ide.mcu.externaltools.gnu-tools-for-stm32.13.3.rel1.win32_1.0.0.202411081344/tools/bin/../lib/gcc/arm-none-eabi/13.3.1/../../../../arm-none-eabi/lib/thumb/v6-m/nofp\libc_nano.a(libc_a-memcpy-stub.o)

.debug_line_str
                0x00000000       0x66
 .debug_line_str
                0x00000000       0x66 ./cmsis/device/src/startup_stm32f072xb.o
